Your environment has been set up for using Node.js 24.12.0 (x64) and npm.

C:\Users\Administrator>d:

D:\>cd hrms

D:\HRMS>npm i -g @nestjs/cli

changed 215 packages in 18s

38 packages are looking for funding
  run `npm fund` for details

D:\HRMS>nest new hrms-backend
âœ¨  We will scaffold your app in a few seconds..

âˆš Which package manager would you â¤ï¸  to use? npm
CREATE hrms-backend/.prettierrc (56 bytes)
CREATE hrms-backend/eslint.config.mjs (934 bytes)
CREATE hrms-backend/nest-cli.json (179 bytes)
CREATE hrms-backend/package.json (2054 bytes)
CREATE hrms-backend/README.md (5126 bytes)
CREATE hrms-backend/tsconfig.build.json (101 bytes)
CREATE hrms-backend/tsconfig.json (702 bytes)
CREATE hrms-backend/src/app.controller.ts (286 bytes)
CREATE hrms-backend/src/app.module.ts (259 bytes)
CREATE hrms-backend/src/app.service.ts (150 bytes)
CREATE hrms-backend/src/main.ts (236 bytes)
CREATE hrms-backend/src/app.controller.spec.ts (639 bytes)
CREATE hrms-backend/test/jest-e2e.json (192 bytes)
CREATE hrms-backend/test/app.e2e-spec.ts (694 bytes)

âˆš Installation in progress... â˜•

ðŸš€  Successfully created project hrms-backend
ðŸ‘‰  Get started with the following commands:

$ cd hrms-backend
$ npm run start


                          Thanks for installing Nest ðŸ™
                 Please consider donating to our open collective
                        to help us maintain this package.


               ðŸ·  Donate: https://opencollective.com/nest


D:\HRMS>dir
 Volume in drive D is DATA
 Volume Serial Number is 8897-023C

 Directory of D:\HRMS

01/03/2026  12:21 PM    <DIR>          .
01/03/2026  12:21 PM    <DIR>          hrms-backend
01/03/2026  12:15 PM            12,043 HRMSDocument.docx
               1 File(s)         12,043 bytes
               2 Dir(s)  231,438,934,016 bytes free

D:\HRMS>cd hrms-backend

D:\HRMS\hrms-backend>npm install @nestjs/jwt passport passport-jwt bcrypt

added 23 packages, and audited 723 packages in 4s

143 packages are looking for funding
  run `npm fund` for details

found 0 vulnerabilities

D:\HRMS\hrms-backend>npm install prisma @prisma/client

added 78 packages, and audited 801 packages in 32s

148 packages are looking for funding
  run `npm fund` for details

found 0 vulnerabilities

D:\HRMS\hrms-backend>npm install class-validator class-transformer

added 5 packages, and audited 806 packages in 2s

148 packages are looking for funding
  run `npm fund` for details

found 0 vulnerabilities

D:\HRMS\hrms-backend>npx prisma init

Initialized Prisma in your project

  prisma/
    schema.prisma
  prisma.config.ts
  .env

warn You already have a .gitignore file. Don't forget to add .env in it to not commit any private information.

Next, choose how you want to set up your database:

CONNECT EXISTING DATABASE:
  1. Configure your DATABASE_URL in prisma.config.ts
  2. Run prisma db pull to introspect your database.

CREATE NEW DATABASE:
  Local: npx prisma dev (runs Postgres locally in your terminal)
  Cloud: npx create-db (creates a free Prisma Postgres database)

Then, define your models in prisma/schema.prisma and run prisma migrate dev to apply your schema.

Learn more: https://pris.ly/getting-started


D:\HRMS\hrms-backend>DATABASE_URL="postgresql://user:password@localhost:5432/hrms"
'DATABASE_URL' is not recognized as an internal or external command,
operable program or batch file.

D:\HRMS\hrms-backend>JWT_SECRET="HRMS_SECRET_KEY"
'JWT_SECRET' is not recognized as an internal or external command,
operable program or batch file.

D:\HRMS\hrms-backend>DATABASE_URL="postgresql://user:password@localhost:5432/hrms"
'DATABASE_URL' is not recognized as an internal or external command,
operable program or batch file.

D:\HRMS\hrms-backend>prisma.config.ts

D:\HRMS\hrms-backend>prisama db pull
'prisama' is not recognized as an internal or external command,
operable program or batch file.

D:\HRMS\hrms-backend>npx prisa dev
npm error code E404
npm error 404 Not Found - GET https://registry.npmjs.org/prisa - Not found
npm error 404
npm error 404  The requested resource 'prisa@*' could not be found or you do not have permission to access it.
npm error 404
npm error 404 Note that you can also install from a
npm error 404 tarball, folder, http url, or git url.
npm error A complete log of this run can be found in: C:\Users\Administrator\AppData\Local\npm-cache\_logs\2026-01-03T09_28_55_473Z-debug-0.log

D:\HRMS\hrms-backend>npx create-db
Need to install the following packages:
create-db@1.1.4
Ok to proceed? (y) y

T  ðŸš€ Creating a Prisma Postgres database
|
o  Database created successfully!
|
|
â€¢  Database Connection
|
|
|    Connection String:
|
|    postgresql://f862de78af2bd02d706ce75c87720722ed603248295bedd441f4bca9cf1d9295:sk_Yx0muxLuTfvLTY38LNRVW@db.prisma.io:5432/postgres?sslmode=require
|
|
*  Claim Your Database
|
|    Keep your database for free:
|
|    https://create-db.prisma.io/claim?projectID=proj_cmjy3qai7001t18fparu1xmrw&utm_source=create-db&utm_medium=cli
|
|    Database will be deleted on 1/4/2026, 12:29:50 PM if not claimed.
|
â€”  Done!


D:\HRMS\hrms-backend>^A
